---
http_interactions:
- request:
    method: post
    uri: "<tutor_specs_instance_url>/services/data/v37.0/sobjects/Contact"
    body:
      encoding: UTF-8
      string: '{"FirstName":"Ole","LastName":"Altenwerth","AccountId":"0011F00000B56DcQAJ"}'
    headers:
      User-Agent:
      - Faraday v0.9.2
      Content-Type:
      - application/json
      Authorization:
      - OAuth <tutor_specs_oauth_token>
      Accept-Encoding:
      - gzip;q=1.0,deflate;q=0.6,identity;q=0.3
      Accept:
      - "*/*"
  response:
    status:
      code: 201
      message: Created
    headers:
      Date:
      - Fri, 14 Sep 2018 02:47:14 GMT
      Strict-Transport-Security:
      - max-age=31536000; includeSubDomains
      X-Content-Type-Options:
      - nosniff
      X-Xss-Protection:
      - 1; mode=block
      Content-Security-Policy:
      - upgrade-insecure-requests
      X-Robots-Tag:
      - none
      Cache-Control:
      - no-cache,must-revalidate,max-age=0,no-store,private
      Set-Cookie:
      - BrowserId=Jem9kQxqTBqjmHFVfdY_nA;Path=/;Domain=.salesforce.com;Expires=Tue,
        13-Nov-2018 02:47:14 GMT;Max-Age=5184000
      Expires:
      - Thu, 01 Jan 1970 00:00:00 GMT
      Sforce-Limit-Info:
      - api-usage=2181/48000
      Location:
      - "/services/data/v37.0/sobjects/Contact/0031F000006w7VxQAI"
      Content-Type:
      - application/json;charset=UTF-8
      Vary:
      - Accept-Encoding
      Transfer-Encoding:
      - chunked
    body:
      encoding: ASCII-8BIT
      string: '{"id":"0031F000006w7VxQAI","success":true,"errors":[]}'
    http_version: 
  recorded_at: Fri, 14 Sep 2018 02:47:15 GMT
- request:
    method: get
    uri: "<tutor_specs_instance_url>/services/data/v37.0/query?q=SELECT%20Id,%20Active_Teachers__c,%20Base_Year__c,%20Book_Name__c,%20Contact__c,%20Course_Code__c,%20Course_Name__c,%20Course_Start_Date__c,%20E_Created_Date__c,%20Email__c,%20Error__c,%20Estimated_Enrollment__c,%20External_ID__c,%20External_UUID__c,%20Latest_Adoption_Decision__c,%20Paid_Course__c,%20Research_Project__c,%20Sections__c,%20Status__c,%20Students_Comped__c,%20Students_Dropped__c,%20Students_Paid__c,%20Students_Refunded__c,%20Students_Using__c,%20Students_With_Work__c,%20Period_UUID__c,%20Term__c,%20Tutor_Pilot__c%20FROM%20Tutor_Course__c%20WHERE%20(Period_UUID__c%20IN%20(%27<PERIOD1_UUID>%27,%27<PERIOD2_UUID>%27,%27<PERIOD3_UUID>%27))"
    body:
      encoding: US-ASCII
      string: ''
    headers:
      User-Agent:
      - Faraday v0.9.2
      Authorization:
      - OAuth <tutor_specs_oauth_token>
      Accept-Encoding:
      - gzip;q=1.0,deflate;q=0.6,identity;q=0.3
      Accept:
      - "*/*"
  response:
    status:
      code: 200
      message: OK
    headers:
      Date:
      - Fri, 14 Sep 2018 02:47:15 GMT
      Strict-Transport-Security:
      - max-age=31536000; includeSubDomains
      X-Content-Type-Options:
      - nosniff
      X-Xss-Protection:
      - 1; mode=block
      Content-Security-Policy:
      - upgrade-insecure-requests
      X-Robots-Tag:
      - none
      Cache-Control:
      - no-cache,must-revalidate,max-age=0,no-store,private
      Set-Cookie:
      - BrowserId=ORr-SRwyS2KXyvvE6pOzLQ;Path=/;Domain=.salesforce.com;Expires=Tue,
        13-Nov-2018 02:47:15 GMT;Max-Age=5184000
      Expires:
      - Thu, 01 Jan 1970 00:00:00 GMT
      Sforce-Limit-Info:
      - api-usage=2178/48000
      Content-Type:
      - application/json;charset=UTF-8
      Vary:
      - Accept-Encoding
      Transfer-Encoding:
      - chunked
    body:
      encoding: ASCII-8BIT
      string: '{"totalSize":3,"done":true,"records":[{"attributes":{"type":"Tutor_Course__c","url":"/services/data/v37.0/sobjects/Tutor_Course__c/a0c1F000000U2KmQAK"},"Id":"a0c1F000000U2KmQAK","Active_Teachers__c":1.0,"Base_Year__c":2016.0,"Book_Name__c":"Chemistry","Contact__c":"0031F000006w7SfQAI","Course_Code__c":null,"Course_Name__c":"A
        Fun Course","Course_Start_Date__c":"2017-01-01","E_Created_Date__c":"2018-09-14","Email__c":null,"Error__c":null,"Estimated_Enrollment__c":14.0,"External_ID__c":"1","External_UUID__c":"<COURSE_UUID>","Latest_Adoption_Decision__c":"For
        course credit","Paid_Course__c":true,"Research_Project__c":false,"Sections__c":3.0,"Status__c":"ArchivedPeriod","Students_Comped__c":0.0,"Students_Dropped__c":0.0,"Students_Paid__c":0.0,"Students_Refunded__c":0.0,"Students_Using__c":6.0,"Students_With_Work__c":0.0,"Period_UUID__c":"<PERIOD3_UUID>","Term__c":"Spring","Tutor_Pilot__c":false},{"attributes":{"type":"Tutor_Course__c","url":"/services/data/v37.0/sobjects/Tutor_Course__c/a0c1F000000U2KhQAK"},"Id":"a0c1F000000U2KhQAK","Active_Teachers__c":1.0,"Base_Year__c":2016.0,"Book_Name__c":"Chemistry","Contact__c":"0031F000006w7SfQAI","Course_Code__c":null,"Course_Name__c":"A
        Fun Course","Course_Start_Date__c":"2017-01-01","E_Created_Date__c":"2018-09-14","Email__c":null,"Error__c":null,"Estimated_Enrollment__c":14.0,"External_ID__c":"1","External_UUID__c":"<COURSE_UUID>","Latest_Adoption_Decision__c":"For
        course credit","Paid_Course__c":true,"Research_Project__c":false,"Sections__c":3.0,"Status__c":"Approved","Students_Comped__c":0.0,"Students_Dropped__c":1.0,"Students_Paid__c":0.0,"Students_Refunded__c":0.0,"Students_Using__c":2.0,"Students_With_Work__c":0.0,"Period_UUID__c":"<PERIOD2_UUID>","Term__c":"Spring","Tutor_Pilot__c":false},{"attributes":{"type":"Tutor_Course__c","url":"/services/data/v37.0/sobjects/Tutor_Course__c/a0c1F000000U2KcQAK"},"Id":"a0c1F000000U2KcQAK","Active_Teachers__c":1.0,"Base_Year__c":2016.0,"Book_Name__c":"Chemistry","Contact__c":"0031F000006w7SfQAI","Course_Code__c":null,"Course_Name__c":"A
        Fun Course","Course_Start_Date__c":"2017-01-01","E_Created_Date__c":"2018-09-14","Email__c":null,"Error__c":null,"Estimated_Enrollment__c":14.0,"External_ID__c":"1","External_UUID__c":"<COURSE_UUID>","Latest_Adoption_Decision__c":"For
        course credit","Paid_Course__c":true,"Research_Project__c":false,"Sections__c":3.0,"Status__c":"Approved","Students_Comped__c":2.0,"Students_Dropped__c":0.0,"Students_Paid__c":1.0,"Students_Refunded__c":1.0,"Students_Using__c":4.0,"Students_With_Work__c":2.0,"Period_UUID__c":"<PERIOD1_UUID>","Term__c":"Spring","Tutor_Pilot__c":false}]}'
    http_version: 
  recorded_at: Fri, 14 Sep 2018 02:47:15 GMT
- request:
    method: patch
    uri: "<tutor_specs_instance_url>/services/data/v37.0/sobjects/Tutor_Course__c/a0c1F000000U2KcQAK"
    body:
      encoding: UTF-8
      string: '{"Active_Teachers__c":1,"Contact__c":"0031F000006w7VxQAI","Course_Start_Date__c":"2017-01-01","E_Created_Date__c":"2018-09-14T02:47:12Z","External_ID__c":2,"Sections__c":3,"Students_Comped__c":2,"Students_Paid__c":1,"Students_Refunded__c":1,"Students_Using__c":4,"Students_With_Work__c":2}'
    headers:
      User-Agent:
      - Faraday v0.9.2
      Content-Type:
      - application/json
      Authorization:
      - OAuth <tutor_specs_oauth_token>
      Accept-Encoding:
      - gzip;q=1.0,deflate;q=0.6,identity;q=0.3
      Accept:
      - "*/*"
  response:
    status:
      code: 204
      message: No Content
    headers:
      Date:
      - Fri, 14 Sep 2018 02:47:15 GMT
      Strict-Transport-Security:
      - max-age=31536000; includeSubDomains
      X-Content-Type-Options:
      - nosniff
      X-Xss-Protection:
      - 1; mode=block
      Content-Security-Policy:
      - upgrade-insecure-requests
      X-Robots-Tag:
      - none
      Cache-Control:
      - no-cache,must-revalidate,max-age=0,no-store,private
      Set-Cookie:
      - BrowserId=50ZJyDUtSIOTVdIqKz6G4Q;Path=/;Domain=.salesforce.com;Expires=Tue,
        13-Nov-2018 02:47:15 GMT;Max-Age=5184000
      Expires:
      - Thu, 01 Jan 1970 00:00:00 GMT
      Sforce-Limit-Info:
      - api-usage=2181/48000
    body:
      encoding: UTF-8
      string: ''
    http_version: 
  recorded_at: Fri, 14 Sep 2018 02:47:15 GMT
- request:
    method: patch
    uri: "<tutor_specs_instance_url>/services/data/v37.0/sobjects/Tutor_Course__c/a0c1F000000U2KhQAK"
    body:
      encoding: UTF-8
      string: '{"Active_Teachers__c":1,"Contact__c":"0031F000006w7VxQAI","Course_Start_Date__c":"2017-01-01","E_Created_Date__c":"2018-09-14T02:47:13Z","External_ID__c":2,"Sections__c":3,"Students_Dropped__c":1,"Students_Using__c":2}'
    headers:
      User-Agent:
      - Faraday v0.9.2
      Content-Type:
      - application/json
      Authorization:
      - OAuth <tutor_specs_oauth_token>
      Accept-Encoding:
      - gzip;q=1.0,deflate;q=0.6,identity;q=0.3
      Accept:
      - "*/*"
  response:
    status:
      code: 204
      message: No Content
    headers:
      Date:
      - Fri, 14 Sep 2018 02:47:15 GMT
      Strict-Transport-Security:
      - max-age=31536000; includeSubDomains
      X-Content-Type-Options:
      - nosniff
      X-Xss-Protection:
      - 1; mode=block
      Content-Security-Policy:
      - upgrade-insecure-requests
      X-Robots-Tag:
      - none
      Cache-Control:
      - no-cache,must-revalidate,max-age=0,no-store,private
      Set-Cookie:
      - BrowserId=Tfyrb1JoQuqHgSrF1hPp3A;Path=/;Domain=.salesforce.com;Expires=Tue,
        13-Nov-2018 02:47:15 GMT;Max-Age=5184000
      Expires:
      - Thu, 01 Jan 1970 00:00:00 GMT
      Sforce-Limit-Info:
      - api-usage=2178/48000
    body:
      encoding: UTF-8
      string: ''
    http_version: 
  recorded_at: Fri, 14 Sep 2018 02:47:16 GMT
- request:
    method: patch
    uri: "<tutor_specs_instance_url>/services/data/v37.0/sobjects/Tutor_Course__c/a0c1F000000U2KmQAK"
    body:
      encoding: UTF-8
      string: '{"Active_Teachers__c":1,"Contact__c":"0031F000006w7VxQAI","Course_Start_Date__c":"2017-01-01","E_Created_Date__c":"2018-09-14T02:47:14Z","External_ID__c":2,"Sections__c":3,"Students_Using__c":6}'
    headers:
      User-Agent:
      - Faraday v0.9.2
      Content-Type:
      - application/json
      Authorization:
      - OAuth <tutor_specs_oauth_token>
      Accept-Encoding:
      - gzip;q=1.0,deflate;q=0.6,identity;q=0.3
      Accept:
      - "*/*"
  response:
    status:
      code: 204
      message: No Content
    headers:
      Date:
      - Fri, 14 Sep 2018 02:47:16 GMT
      Strict-Transport-Security:
      - max-age=31536000; includeSubDomains
      X-Content-Type-Options:
      - nosniff
      X-Xss-Protection:
      - 1; mode=block
      Content-Security-Policy:
      - upgrade-insecure-requests
      X-Robots-Tag:
      - none
      Cache-Control:
      - no-cache,must-revalidate,max-age=0,no-store,private
      Set-Cookie:
      - BrowserId=43nP0dMpTS6zCckntFh_iQ;Path=/;Domain=.salesforce.com;Expires=Tue,
        13-Nov-2018 02:47:16 GMT;Max-Age=5184000
      Expires:
      - Thu, 01 Jan 1970 00:00:00 GMT
      Sforce-Limit-Info:
      - api-usage=2181/48000
    body:
      encoding: UTF-8
      string: ''
    http_version: 
  recorded_at: Fri, 14 Sep 2018 02:47:16 GMT
- request:
    method: get
    uri: "<tutor_specs_instance_url>/services/data/v37.0/query?q=SELECT%20Id,%20Active_Teachers__c,%20Base_Year__c,%20Book_Name__c,%20Contact__c,%20Course_Code__c,%20Course_Name__c,%20Course_Start_Date__c,%20E_Created_Date__c,%20Email__c,%20Error__c,%20Estimated_Enrollment__c,%20External_ID__c,%20External_UUID__c,%20Latest_Adoption_Decision__c,%20Paid_Course__c,%20Research_Project__c,%20Sections__c,%20Status__c,%20Students_Comped__c,%20Students_Dropped__c,%20Students_Paid__c,%20Students_Refunded__c,%20Students_Using__c,%20Students_With_Work__c,%20Period_UUID__c,%20Term__c,%20Tutor_Pilot__c%20FROM%20Tutor_Course__c%20WHERE%20(Period_UUID__c%20=%20%27<PERIOD1_UUID>%27)%20LIMIT%201"
    body:
      encoding: US-ASCII
      string: ''
    headers:
      User-Agent:
      - Faraday v0.9.2
      Authorization:
      - OAuth <tutor_specs_oauth_token>
      Accept-Encoding:
      - gzip;q=1.0,deflate;q=0.6,identity;q=0.3
      Accept:
      - "*/*"
  response:
    status:
      code: 200
      message: OK
    headers:
      Date:
      - Fri, 14 Sep 2018 02:47:16 GMT
      Strict-Transport-Security:
      - max-age=31536000; includeSubDomains
      X-Content-Type-Options:
      - nosniff
      X-Xss-Protection:
      - 1; mode=block
      Content-Security-Policy:
      - upgrade-insecure-requests
      X-Robots-Tag:
      - none
      Cache-Control:
      - no-cache,must-revalidate,max-age=0,no-store,private
      Set-Cookie:
      - BrowserId=FgT1WKQ8SVqWng0enykZTQ;Path=/;Domain=.salesforce.com;Expires=Tue,
        13-Nov-2018 02:47:16 GMT;Max-Age=5184000
      Expires:
      - Thu, 01 Jan 1970 00:00:00 GMT
      Sforce-Limit-Info:
      - api-usage=2180/48000
      Content-Type:
      - application/json;charset=UTF-8
      Vary:
      - Accept-Encoding
      Transfer-Encoding:
      - chunked
    body:
      encoding: ASCII-8BIT
      string: '{"totalSize":1,"done":true,"records":[{"attributes":{"type":"Tutor_Course__c","url":"/services/data/v37.0/sobjects/Tutor_Course__c/a0c1F000000U2KcQAK"},"Id":"a0c1F000000U2KcQAK","Active_Teachers__c":1.0,"Base_Year__c":2016.0,"Book_Name__c":"Chemistry","Contact__c":"0031F000006w7VxQAI","Course_Code__c":null,"Course_Name__c":"A
        Fun Course","Course_Start_Date__c":"2017-01-01","E_Created_Date__c":"2018-09-14","Email__c":null,"Error__c":null,"Estimated_Enrollment__c":14.0,"External_ID__c":"2","External_UUID__c":"<COURSE_UUID>","Latest_Adoption_Decision__c":"For
        course credit","Paid_Course__c":true,"Research_Project__c":false,"Sections__c":3.0,"Status__c":"Approved","Students_Comped__c":2.0,"Students_Dropped__c":0.0,"Students_Paid__c":1.0,"Students_Refunded__c":1.0,"Students_Using__c":4.0,"Students_With_Work__c":2.0,"Period_UUID__c":"<PERIOD1_UUID>","Term__c":"Spring","Tutor_Pilot__c":false}]}'
    http_version: 
  recorded_at: Fri, 14 Sep 2018 02:47:16 GMT
- request:
    method: get
    uri: "<tutor_specs_instance_url>/services/data/v37.0/query?q=SELECT%20Id,%20Active_Teachers__c,%20Base_Year__c,%20Book_Name__c,%20Contact__c,%20Course_Code__c,%20Course_Name__c,%20Course_Start_Date__c,%20E_Created_Date__c,%20Email__c,%20Error__c,%20Estimated_Enrollment__c,%20External_ID__c,%20External_UUID__c,%20Latest_Adoption_Decision__c,%20Paid_Course__c,%20Research_Project__c,%20Sections__c,%20Status__c,%20Students_Comped__c,%20Students_Dropped__c,%20Students_Paid__c,%20Students_Refunded__c,%20Students_Using__c,%20Students_With_Work__c,%20Period_UUID__c,%20Term__c,%20Tutor_Pilot__c%20FROM%20Tutor_Course__c%20WHERE%20(Period_UUID__c%20=%20%27<PERIOD2_UUID>%27)%20LIMIT%201"
    body:
      encoding: US-ASCII
      string: ''
    headers:
      User-Agent:
      - Faraday v0.9.2
      Authorization:
      - OAuth <tutor_specs_oauth_token>
      Accept-Encoding:
      - gzip;q=1.0,deflate;q=0.6,identity;q=0.3
      Accept:
      - "*/*"
  response:
    status:
      code: 200
      message: OK
    headers:
      Date:
      - Fri, 14 Sep 2018 02:47:16 GMT
      Strict-Transport-Security:
      - max-age=31536000; includeSubDomains
      X-Content-Type-Options:
      - nosniff
      X-Xss-Protection:
      - 1; mode=block
      Content-Security-Policy:
      - upgrade-insecure-requests
      X-Robots-Tag:
      - none
      Cache-Control:
      - no-cache,must-revalidate,max-age=0,no-store,private
      Set-Cookie:
      - BrowserId=p_49lKIHRFusSniI7t1RBA;Path=/;Domain=.salesforce.com;Expires=Tue,
        13-Nov-2018 02:47:16 GMT;Max-Age=5184000
      Expires:
      - Thu, 01 Jan 1970 00:00:00 GMT
      Sforce-Limit-Info:
      - api-usage=2181/48000
      Content-Type:
      - application/json;charset=UTF-8
      Vary:
      - Accept-Encoding
      Transfer-Encoding:
      - chunked
    body:
      encoding: ASCII-8BIT
      string: '{"totalSize":1,"done":true,"records":[{"attributes":{"type":"Tutor_Course__c","url":"/services/data/v37.0/sobjects/Tutor_Course__c/a0c1F000000U2KhQAK"},"Id":"a0c1F000000U2KhQAK","Active_Teachers__c":1.0,"Base_Year__c":2016.0,"Book_Name__c":"Chemistry","Contact__c":"0031F000006w7VxQAI","Course_Code__c":null,"Course_Name__c":"A
        Fun Course","Course_Start_Date__c":"2017-01-01","E_Created_Date__c":"2018-09-14","Email__c":null,"Error__c":null,"Estimated_Enrollment__c":14.0,"External_ID__c":"2","External_UUID__c":"<COURSE_UUID>","Latest_Adoption_Decision__c":"For
        course credit","Paid_Course__c":true,"Research_Project__c":false,"Sections__c":3.0,"Status__c":"Approved","Students_Comped__c":0.0,"Students_Dropped__c":1.0,"Students_Paid__c":0.0,"Students_Refunded__c":0.0,"Students_Using__c":2.0,"Students_With_Work__c":0.0,"Period_UUID__c":"<PERIOD2_UUID>","Term__c":"Spring","Tutor_Pilot__c":false}]}'
    http_version: 
  recorded_at: Fri, 14 Sep 2018 02:47:16 GMT
- request:
    method: get
    uri: "<tutor_specs_instance_url>/services/data/v37.0/query?q=SELECT%20Id,%20Active_Teachers__c,%20Base_Year__c,%20Book_Name__c,%20Contact__c,%20Course_Code__c,%20Course_Name__c,%20Course_Start_Date__c,%20E_Created_Date__c,%20Email__c,%20Error__c,%20Estimated_Enrollment__c,%20External_ID__c,%20External_UUID__c,%20Latest_Adoption_Decision__c,%20Paid_Course__c,%20Research_Project__c,%20Sections__c,%20Status__c,%20Students_Comped__c,%20Students_Dropped__c,%20Students_Paid__c,%20Students_Refunded__c,%20Students_Using__c,%20Students_With_Work__c,%20Period_UUID__c,%20Term__c,%20Tutor_Pilot__c%20FROM%20Tutor_Course__c%20WHERE%20(Period_UUID__c%20=%20%27<PERIOD3_UUID>%27)%20LIMIT%201"
    body:
      encoding: US-ASCII
      string: ''
    headers:
      User-Agent:
      - Faraday v0.9.2
      Authorization:
      - OAuth <tutor_specs_oauth_token>
      Accept-Encoding:
      - gzip;q=1.0,deflate;q=0.6,identity;q=0.3
      Accept:
      - "*/*"
  response:
    status:
      code: 200
      message: OK
    headers:
      Date:
      - Fri, 14 Sep 2018 02:47:16 GMT
      Strict-Transport-Security:
      - max-age=31536000; includeSubDomains
      X-Content-Type-Options:
      - nosniff
      X-Xss-Protection:
      - 1; mode=block
      Content-Security-Policy:
      - upgrade-insecure-requests
      X-Robots-Tag:
      - none
      Cache-Control:
      - no-cache,must-revalidate,max-age=0,no-store,private
      Set-Cookie:
      - BrowserId=mnf364IlRTGUhEWsVisjiw;Path=/;Domain=.salesforce.com;Expires=Tue,
        13-Nov-2018 02:47:16 GMT;Max-Age=5184000
      Expires:
      - Thu, 01 Jan 1970 00:00:00 GMT
      Sforce-Limit-Info:
      - api-usage=2179/48000
      Content-Type:
      - application/json;charset=UTF-8
      Vary:
      - Accept-Encoding
      Transfer-Encoding:
      - chunked
    body:
      encoding: ASCII-8BIT
      string: '{"totalSize":1,"done":true,"records":[{"attributes":{"type":"Tutor_Course__c","url":"/services/data/v37.0/sobjects/Tutor_Course__c/a0c1F000000U2KmQAK"},"Id":"a0c1F000000U2KmQAK","Active_Teachers__c":1.0,"Base_Year__c":2016.0,"Book_Name__c":"Chemistry","Contact__c":"0031F000006w7VxQAI","Course_Code__c":null,"Course_Name__c":"A
        Fun Course","Course_Start_Date__c":"2017-01-01","E_Created_Date__c":"2018-09-14","Email__c":null,"Error__c":null,"Estimated_Enrollment__c":14.0,"External_ID__c":"2","External_UUID__c":"<COURSE_UUID>","Latest_Adoption_Decision__c":"For
        course credit","Paid_Course__c":true,"Research_Project__c":false,"Sections__c":3.0,"Status__c":"ArchivedPeriod","Students_Comped__c":0.0,"Students_Dropped__c":0.0,"Students_Paid__c":0.0,"Students_Refunded__c":0.0,"Students_Using__c":6.0,"Students_With_Work__c":0.0,"Period_UUID__c":"<PERIOD3_UUID>","Term__c":"Spring","Tutor_Pilot__c":false}]}'
    http_version: 
  recorded_at: Fri, 14 Sep 2018 02:47:16 GMT
recorded_with: VCR 2.9.3
